// Jest Snapshot v1, https://goo.gl/fbAQLP

exports[`ui components > Button renders component unchanged 1`] = `
<div>
  <button
    class="
  min-w-[160px] py-1.5 px-2 rounded-lg
  bg-[#FCB07E] border-[#FCB07E] border-2
 
  text-[#333E53] text-xl text-center
  font-bold
"
  />
</div>
`;
