// Jest Snapshot v1, https://goo.gl/fbAQLP

exports[`test component renders component unchanged 1`] = `
<div>
  <div>
    Component
  </div>
</div>
`;
